{"event": "TRADE", "time": "14:12:26", "side": "GRID-BUY", "pair": "SOL/USDC", "price": 100.0, "amount": 0.05, "pnl": null, "strategy": "grid"}
{"event": "TRADE", "time": "14:12:26", "side": "GRID-BUY", "pair": "SOL/USDC", "price": 101.0, "amount": 0.049505, "pnl": null, "strategy": "grid"}
{"event": "TRADE", "time": "14:12:26", "side": "GRID-SELL", "pair": "SOL/USDC", "price": 103.5, "amount": 0.1, "pnl": 0.15, "strategy": "grid"}
{"event": "TRADE", "time": "14:12:26", "side": "GRID-BUY", "pair": "SOL/USDC", "price": 101.5, "amount": 0.049261, "pnl": null, "strategy": "grid"}
{"event": "TRADE", "time": "14:12:26", "side": "GRID-BUY", "pair": "SOL/USDC", "price": 100.0, "amount": 0.05, "pnl": null, "strategy": "grid"}
{"event": "TRADE", "time": "14:12:32", "side": "GRID-BUY", "pair": "SOL/USDC", "price": 100.0, "amount": 0.05, "pnl": null, "strategy": "grid"}
{"event": "TRADE", "time": "14:12:32", "side": "GRID-BUY", "pair": "SOL/USDC", "price": 100.0, "amount": 0.1, "pnl": null, "strategy": "grid"}
{"event": "TRADE", "time": "14:12:32", "side": "GRID-SELL", "pair": "SOL/USDC", "price": 105.0, "amount": 0.5, "pnl": 2.5, "strategy": "ai_trading"}
{"event": "TRADE", "time": "14:12:32", "side": "GRID-BUY", "pair": "SOL/USDC", "price": 100.0, "amount": 0.5, "pnl": null, "strategy": "ai_trading"}
{"event": "TRADE", "time": "14:19:17", "side": "GRID-BUY", "pair": "SOL/USDC", "price": 100.0, "amount": 0.05, "pnl": null, "strategy": "grid"}
{"event": "TRADE", "time": "14:19:17", "side": "GRID-BUY", "pair": "SOL/USDC", "price": 100.0, "amount": 0.05, "pnl": null, "strategy": "grid"}
{"event": "TRADE", "time": "14:19:17", "side": "GRID-BUY", "pair": "SOL/USDC", "price": 100.0, "amount": 0.05, "pnl": null, "strategy": "grid"}
{"event": "TRADE", "time": "14:19:17", "side": "GRID-BUY", "pair": "SOL/USDC", "price": 100.0, "amount": 0.1, "pnl": null, "strategy": "grid"}
{"event": "TRADE", "time": "14:19:17", "side": "GRID-BUY", "pair": "SOL/USDC", "price": 101.5, "amount": 0.049261, "pnl": null, "strategy": "grid"}
{"event": "TRADE", "time": "14:19:17", "side": "GRID-SELL", "pair": "SOL/USDC", "price": 105.0, "amount": 0.5, "pnl": 2.5, "strategy": "ai_trading"}
{"event": "TRADE", "time": "14:19:17", "side": "GRID-BUY", "pair": "SOL/USDC", "price": 100.0, "amount": 0.5, "pnl": null, "strategy": "ai_trading"}
{"event": "TRADE", "time": "14:19:50", "side": "GRID-BUY", "pair": "SOL/USDC", "price": 100.0, "amount": 0.05, "pnl": null, "strategy": "grid"}
{"event": "TRADE", "time": "14:19:50", "side": "GRID-BUY", "pair": "SOL/USDC", "price": 100.0, "amount": 0.05, "pnl": null, "strategy": "grid"}
{"event": "TRADE", "time": "14:19:50", "side": "GRID-BUY", "pair": "SOL/USDC", "price": 100.0, "amount": 0.05, "pnl": null, "strategy": "grid"}
{"event": "TRADE", "time": "14:19:50", "side": "GRID-BUY", "pair": "SOL/USDC", "price": 100.0, "amount": 0.1, "pnl": null, "strategy": "grid"}
{"event": "TRADE", "time": "14:19:50", "side": "GRID-BUY", "pair": "SOL/USDC", "price": 101.5, "amount": 0.049261, "pnl": null, "strategy": "grid"}
{"event": "TRADE", "time": "14:19:50", "side": "GRID-SELL", "pair": "SOL/USDC", "price": 105.0, "amount": 0.5, "pnl": 2.5, "strategy": "ai_trading"}
{"event": "TRADE", "time": "14:19:50", "side": "GRID-BUY", "pair": "SOL/USDC", "price": 100.0, "amount": 0.5, "pnl": null, "strategy": "ai_trading"}
{"event": "TRADE", "time": "14:20:28", "side": "GRID-BUY", "pair": "SOL/USDC", "price": 100.0, "amount": 0.05, "pnl": null, "strategy": "grid"}
{"event": "TRADE", "time": "14:20:28", "side": "GRID-BUY", "pair": "SOL/USDC", "price": 100.0, "amount": 0.05, "pnl": null, "strategy": "grid"}
{"event": "TRADE", "time": "14:20:28", "side": "GRID-BUY", "pair": "SOL/USDC", "price": 100.0, "amount": 0.05, "pnl": null, "strategy": "grid"}
{"event": "TRADE", "time": "14:20:28", "side": "GRID-BUY", "pair": "SOL/USDC", "price": 100.0, "amount": 0.1, "pnl": null, "strategy": "grid"}
{"event": "TRADE", "time": "14:20:28", "side": "GRID-BUY", "pair": "SOL/USDC", "price": 101.5, "amount": 0.049261, "pnl": null, "strategy": "grid"}
{"event": "TRADE", "time": "14:20:28", "side": "GRID-SELL", "pair": "SOL/USDC", "price": 105.0, "amount": 0.5, "pnl": 2.5, "strategy": "ai_trading"}
{"event": "TRADE", "time": "14:20:28", "side": "GRID-BUY", "pair": "SOL/USDC", "price": 100.0, "amount": 0.5, "pnl": null, "strategy": "ai_trading"}
{"event": "TRADE", "time": "14:22:20", "side": "GRID-BUY", "pair": "SOL/USDC", "price": 100.0, "amount": 0.05, "pnl": null, "strategy": "grid"}
{"event": "TRADE", "time": "14:22:20", "side": "GRID-BUY", "pair": "SOL/USDC", "price": 100.0, "amount": 0.05, "pnl": null, "strategy": "grid"}
{"event": "TRADE", "time": "14:22:20", "side": "GRID-BUY", "pair": "SOL/USDC", "price": 100.0, "amount": 0.05, "pnl": null, "strategy": "grid"}
{"event": "TRADE", "time": "14:22:20", "side": "GRID-BUY", "pair": "SOL/USDC", "price": 100.0, "amount": 0.1, "pnl": null, "strategy": "grid"}
{"event": "TRADE", "time": "14:22:20", "side": "GRID-BUY", "pair": "SOL/USDC", "price": 101.5, "amount": 0.049261, "pnl": null, "strategy": null}
{"event": "TRADE", "time": "14:22:20", "side": "GRID-SELL", "pair": "SOL/USDC", "price": 105.0, "amount": 0.5, "pnl": 2.5, "strategy": "ai_trading"}
{"event": "TRADE", "time": "14:22:20", "side": "GRID-BUY", "pair": "SOL/USDC", "price": 100.0, "amount": 0.5, "pnl": null, "strategy": "ai_trading"}
{"event": "TRADE", "time": "14:22:27", "side": "GRID-BUY", "pair": "SOL/USDC", "price": 100.0, "amount": 0.05, "pnl": null, "strategy": "grid"}
{"event": "TRADE", "time": "14:22:27", "side": "GRID-BUY", "pair": "SOL/USDC", "price": 100.0, "amount": 0.05, "pnl": null, "strategy": "grid"}
{"event": "TRADE", "time": "14:22:27", "side": "GRID-BUY", "pair": "SOL/USDC", "price": 100.0, "amount": 0.05, "pnl": null, "strategy": "grid"}
{"event": "TRADE", "time": "14:22:27", "side": "GRID-BUY", "pair": "SOL/USDC", "price": 100.0, "amount": 0.1, "pnl": null, "strategy": "grid"}
{"event": "TRADE", "time": "14:22:27", "side": "GRID-BUY", "pair": "SOL/USDC", "price": 101.5, "amount": 0.049261, "pnl": null, "strategy": "grid"}
{"event": "TRADE", "time": "14:22:27", "side": "GRID-SELL", "pair": "SOL/USDC", "price": 105.0, "amount": 0.5, "pnl": 2.5, "strategy": "ai_trading"}
{"event": "TRADE", "time": "14:22:27", "side": "GRID-BUY", "pair": "SOL/USDC", "price": 100.0, "amount": 0.5, "pnl": null, "strategy": "ai_trading"}
{"event": "TRADE", "time": "14:22:54", "side": "GRID-BUY", "pair": "SOL/USDC", "price": 100.0, "amount": 0.05, "pnl": null, "strategy": "grid"}
{"event": "TRADE", "time": "14:22:54", "side": "GRID-BUY", "pair": "SOL/USDC", "price": 100.0, "amount": 0.05, "pnl": null, "strategy": "grid"}
{"event": "TRADE", "time": "14:22:54", "side": "GRID-BUY", "pair": "SOL/USDC", "price": 100.0, "amount": 0.05, "pnl": null, "strategy": "grid"}
{"event": "TRADE", "time": "14:22:54", "side": "GRID-BUY", "pair": "SOL/USDC", "price": 100.0, "amount": 0.1, "pnl": null, "strategy": "grid"}
{"event": "TRADE", "time": "14:22:54", "side": "GRID-BUY", "pair": "SOL/USDC", "price": 101.5, "amount": 0.049261, "pnl": null, "strategy": "grid"}
{"event": "TRADE", "time": "14:22:54", "side": "GRID-SELL", "pair": "SOL/USDC", "price": 105.0, "amount": 0.5, "pnl": 2.5, "strategy": "ai_trading"}
{"event": "TRADE", "time": "14:22:54", "side": "GRID-BUY", "pair": "SOL/USDC", "price": 100.0, "amount": 0.5, "pnl": null, "strategy": "ai_trading"}
{"event": "TRADE", "time": "00:08:50", "side": "GRID-BUY", "pair": "SOL/USDC", "price": 100.0, "amount": 0.05, "pnl": null, "strategy": "grid"}
{"event": "TRADE", "time": "00:08:50", "side": "GRID-BUY", "pair": "SOL/USDC", "price": 100.0, "amount": 0.05, "pnl": null, "strategy": "grid"}
{"event": "TRADE", "time": "00:08:50", "side": "GRID-BUY", "pair": "SOL/USDC", "price": 100.0, "amount": 0.05, "pnl": null, "strategy": "grid"}
{"event": "TRADE", "time": "00:08:50", "side": "GRID-BUY", "pair": "SOL/USDC", "price": 100.0, "amount": 0.1, "pnl": null, "strategy": "grid"}
{"event": "TRADE", "time": "00:08:50", "side": "GRID-BUY", "pair": "SOL/USDC", "price": 101.5, "amount": 0.049261, "pnl": null, "strategy": "grid"}
{"event": "TRADE", "time": "00:08:50", "side": "GRID-SELL", "pair": "SOL/USDC", "price": 105.0, "amount": 0.5, "pnl": 2.5, "strategy": "ai_trading"}
{"event": "TRADE", "time": "00:08:50", "side": "GRID-BUY", "pair": "SOL/USDC", "price": 100.0, "amount": 0.5, "pnl": null, "strategy": "ai_trading"}
{"event": "ORDER_ATTEMPT", "time": "00:09:42", "side": "BUY", "pair": "SOL/USDC", "amount": 0.049089, "price": 101.8563, "cost": 5.0000239107}
{"event": "TRADE", "time": "00:09:59", "side": "GRID-BUY", "pair": "SOL/USDC", "price": 100.0, "amount": 0.05, "pnl": null, "strategy": "grid"}
{"event": "TRADE", "time": "00:09:59", "side": "GRID-BUY", "pair": "SOL/USDC", "price": 100.0, "amount": 0.05, "pnl": null, "strategy": "grid"}
{"event": "TRADE", "time": "00:10:00", "side": "GRID-BUY", "pair": "SOL/USDC", "price": 100.0, "amount": 0.05, "pnl": null, "strategy": "grid"}
{"event": "TRADE", "time": "00:10:00", "side": "GRID-BUY", "pair": "SOL/USDC", "price": 100.0, "amount": 0.1, "pnl": null, "strategy": "grid"}
{"event": "TRADE", "time": "00:10:00", "side": "AI-LONG", "pair": "SOL/USDC", "price": 101.88, "amount": 1.854943, "pnl": null, "strategy": null}
{"event": "TRADE", "time": "00:10:01", "side": "AI-LONG", "pair": "SOL/USDC", "price": 101.88, "amount": 1.854943, "pnl": null, "strategy": null}
{"event": "TRADE", "time": "00:10:01", "side": "GRID-SELL", "pair": "SOL/USDC", "price": 105.0, "amount": 0.5, "pnl": 2.5, "strategy": "ai_trading"}
{"event": "TRADE", "time": "00:10:01", "side": "GRID-BUY", "pair": "SOL/USDC", "price": 100.0, "amount": 0.5, "pnl": null, "strategy": "ai_trading"}
{"event": "TRADE", "time": "00:10:13", "side": "GRID-BUY", "pair": "SOL/USDC", "price": 100.0, "amount": 0.05, "pnl": null, "strategy": "grid"}
{"event": "TRADE", "time": "00:10:13", "side": "GRID-BUY", "pair": "SOL/USDC", "price": 100.0, "amount": 0.05, "pnl": null, "strategy": "grid"}
{"event": "TRADE", "time": "00:10:14", "side": "GRID-BUY", "pair": "SOL/USDC", "price": 100.0, "amount": 0.05, "pnl": null, "strategy": "grid"}
{"event": "TRADE", "time": "00:10:14", "side": "GRID-BUY", "pair": "SOL/USDC", "price": 100.0, "amount": 0.1, "pnl": null, "strategy": "grid"}
{"event": "TRADE", "time": "00:10:15", "side": "AI-LONG", "pair": "SOL/USDC", "price": 101.88, "amount": 1.854943, "pnl": null, "strategy": null}
{"event": "TRADE", "time": "00:10:15", "side": "AI-LONG", "pair": "SOL/USDC", "price": 101.88, "amount": 1.854943, "pnl": null, "strategy": "grid"}
{"event": "TRADE", "time": "00:10:15", "side": "GRID-SELL", "pair": "SOL/USDC", "price": 105.0, "amount": 0.5, "pnl": 2.5, "strategy": "ai_trading"}
{"event": "TRADE", "time": "00:10:15", "side": "GRID-BUY", "pair": "SOL/USDC", "price": 100.0, "amount": 0.5, "pnl": null, "strategy": "ai_trading"}
{"event": "TRADE", "time": "00:10:43", "side": "GRID-SELL", "pair": "SOL/USDC", "price": 105.0, "amount": 0.5, "pnl": 2.5, "strategy": "ai_trading"}
{"event": "TRADE", "time": "00:10:43", "side": "GRID-BUY", "pair": "SOL/USDC", "price": 100.0, "amount": 0.5, "pnl": null, "strategy": "ai_trading"}
{"event": "TRADE", "time": "00:13:05", "side": "AI-SHORT", "pair": "SOL/USDC", "price": 100.0, "amount": 1.0, "pnl": null, "strategy": ""}
{"event": "TRADE", "time": "00:13:17", "side": "GRID-SELL", "pair": "SOL/USDC", "price": 105.0, "amount": 0.5, "pnl": 2.5, "strategy": "ai_trading"}
{"event": "TRADE", "time": "00:13:17", "side": "GRID-BUY", "pair": "SOL/USDC", "price": 100.0, "amount": 0.5, "pnl": null, "strategy": "ai_trading"}
{"event": "TRADE", "time": "00:13:18", "side": "AI-SHORT", "pair": "SOL/USDC", "price": 100.0, "amount": 1.0, "pnl": null, "strategy": ""}
{"event": "TRADE", "time": "00:13:48", "side": "AI-SHORT", "pair": "SOL/USDC", "price": 100.0, "amount": 1.0, "pnl": null, "strategy": ""}
{"event": "TRADE", "time": "00:15:14", "side": "GRID-SELL", "pair": "SOL/USDC", "price": 105.0, "amount": 0.5, "pnl": 2.5, "strategy": "ai_trading"}
{"event": "TRADE", "time": "00:15:14", "side": "GRID-BUY", "pair": "SOL/USDC", "price": 100.0, "amount": 0.5, "pnl": null, "strategy": "ai_trading"}
{"event": "TRADE", "time": "00:15:14", "side": "AI-SHORT", "pair": "SOL/USDC", "price": 100.0, "amount": 1.0, "pnl": null, "strategy": ""}
